From https://github.com/kohnerbouchard-star/Student-Profile
 * branch              main       -> FETCH_HEAD
Auto-merging .github/workflows/admin-browser-e2e.yml
CONFLICT (content): Merge conflict in .github/workflows/admin-browser-e2e.yml
Auto-merging .github/workflows/beta-security-contract.yml
CONFLICT (content): Merge conflict in .github/workflows/beta-security-contract.yml
Auto-merging .github/workflows/player-multiplayer-load-e2e.yml
Auto-merging admin/progression-review-client.js
CONFLICT (content): Merge conflict in admin/progression-review-client.js
Auto-merging backend/src/domains/contracts/api/playerContractAcceptanceRoutePaths.ts
CONFLICT (content): Merge conflict in backend/src/domains/contracts/api/playerContractAcceptanceRoutePaths.ts
Auto-merging backend/src/domains/contracts/api/playerContractPublicSubmitRoutePaths.ts
CONFLICT (content): Merge conflict in backend/src/domains/contracts/api/playerContractPublicSubmitRoutePaths.ts
Auto-merging backend/src/domains/contracts/api/playerContractRoutePaths.ts
CONFLICT (content): Merge conflict in backend/src/domains/contracts/api/playerContractRoutePaths.ts
Auto-merging player-terminal/src/api/player-api.js
CONFLICT (content): Merge conflict in player-terminal/src/api/player-api.js
Auto-merging player-terminal/src/integrations/student-profile-api-call.js
Auto-merging player-terminal/tests/messaging-connected-lifecycle.mjs
CONFLICT (content): Merge conflict in player-terminal/tests/messaging-connected-lifecycle.mjs
Auto-merging player-terminal/tests/v75-hardening.mjs
Auto-merging player-terminal/tools/v75-audit.mjs
Auto-merging scripts/admin-messaging-moderation-contract.mjs
CONFLICT (content): Merge conflict in scripts/admin-messaging-moderation-contract.mjs
Auto-merging scripts/admin-mounted-modal-focus-reconciled-smoke.mjs
CONFLICT (content): Merge conflict in scripts/admin-mounted-modal-focus-reconciled-smoke.mjs
Auto-merging scripts/admin-mounted-operational-modal-focus-smoke.mjs
CONFLICT (content): Merge conflict in scripts/admin-mounted-operational-modal-focus-smoke.mjs
Auto-merging scripts/econovaria-local-gateway.py
CONFLICT (content): Merge conflict in scripts/econovaria-local-gateway.py
Automatic merge failed; fix conflicts and then commit the result.
missing Player API read context
